2026-03-26 03:43:20 [INFO] ================================================================================
2026-03-26 03:43:20 [INFO] Experiment: deep_stdp_mnist
2026-03-26 03:43:20 [INFO] Encoder: deep_stdp
2026-03-26 03:43:20 [INFO] Dataset: mnist
2026-03-26 03:43:20 [INFO] Seed: 0
2026-03-26 03:43:20 [INFO] ================================================================================
2026-03-26 03:43:20 [INFO] 
[1/5] Loading dataset...
2026-03-26 03:43:20 [INFO]   Train samples: 60000
2026-03-26 03:43:20 [INFO]   Test samples: 10000
2026-03-26 03:43:20 [INFO] 
  Eval modes: clustering=True, retrieval=True
2026-03-26 03:43:20 [INFO]   Has labels: True, Has query_data: False, Has groundtruth: False
2026-03-26 03:43:20 [INFO] 
[2/5] Initializing encoder...
2026-03-26 03:43:20 [INFO]   Encoder: DeepSTDPEncoder(trained=False)
2026-03-26 03:43:20 [INFO] 
[3/5] Training encoder...
2026-03-27 21:16:58 [INFO] 
[4/5] Encoding test data...
2026-03-27 21:16:58 [INFO]   Running encoder...
2026-03-27 23:29:11 [INFO]   Codes saved to outputs/codes/deep_stdp/mnist
2026-03-27 23:29:11 [INFO]   Pre-code shape: (10000, 200)
2026-03-27 23:29:11 [INFO]   Code shape: (10000, 200)
2026-03-27 23:29:11 [INFO]   Code sparsity: 0.950
2026-03-27 23:29:11 [INFO] 
[5/5] Evaluating...
2026-03-27 23:29:11 [INFO] 
  Running clustering evaluation (ACC / NMI)...
2026-03-27 23:30:01 [INFO]     Clustering results:
2026-03-27 23:30:01 [INFO]       kmeans:
2026-03-27 23:30:01 [INFO]         NMI=0.1655, ARI=0.0269, ACC=0.2276
2026-03-27 23:30:01 [INFO]       spectral:
2026-03-27 23:30:01 [INFO]         NMI=0.0296, ARI=0.0009, ACC=0.1195
2026-03-27 23:30:01 [INFO] 
  Running retrieval evaluation (mAP / Recall@K)...
2026-03-27 23:30:01 [INFO]     Mode: label-based retrieval (database=train, queries=test)
2026-03-27 23:30:01 [INFO]     Encoding train_data as retrieval database...
2026-03-28 10:21:05 [INFO]     Retrieval results:
2026-03-28 10:21:05 [INFO]       map: 0.0213
2026-03-28 10:21:05 [INFO]       recall@1: 0.0001
2026-03-28 10:21:05 [INFO]       precision@1: 0.0055
2026-03-28 10:21:05 [INFO]       ndcg@1: 0.0055
2026-03-28 10:21:05 [INFO]       recall@10: 0.0006
2026-03-28 10:21:05 [INFO]       precision@10: 0.0058
2026-03-28 10:21:05 [INFO]       ndcg@10: 0.0059
2026-03-28 10:21:05 [INFO]       recall@50: 0.0028
2026-03-28 10:21:05 [INFO]       precision@50: 0.0056
2026-03-28 10:21:05 [INFO]       ndcg@50: 0.0056
2026-03-28 10:21:05 [INFO]       recall@100: 0.0054
2026-03-28 10:21:05 [INFO]       precision@100: 0.0054
2026-03-28 10:21:05 [INFO]       ndcg@100: 0.0055
2026-03-28 10:21:05 [INFO] 
Results saved to outputs/results/deep_stdp_mnist_seed0.json
2026-03-28 10:21:05 [INFO] Model saved to outputs/codes/deep_stdp/mnist/model_seed0.pkl
2026-03-28 10:21:05 [INFO] 
================================================================================
2026-03-28 10:21:05 [INFO] Experiment complete!
2026-03-28 10:21:05 [INFO] Full log saved to: outputs/logs/deep_stdp_mnist_seed0_20260326_034320.log
2026-03-28 10:21:05 [INFO] ================================================================================
