2026-03-30 18:52:12 [INFO] ================================================================================
2026-03-30 18:52:12 [INFO] Experiment: diehl_cook_mnist
2026-03-30 18:52:12 [INFO] Encoder: diehl_cook
2026-03-30 18:52:12 [INFO] Dataset: fashion_mnist
2026-03-30 18:52:12 [INFO] Seed: 0
2026-03-30 18:52:12 [INFO] ================================================================================
2026-03-30 18:52:12 [INFO] 
[1/5] Loading dataset...
2026-03-30 18:52:12 [INFO]   Train samples: 60000
2026-03-30 18:52:12 [INFO]   Test samples: 10000
2026-03-30 18:52:12 [INFO] 
  Eval modes: clustering=True, retrieval=True
2026-03-30 18:52:12 [INFO]   Has labels: True, Has query_data: False, Has groundtruth: False
2026-03-30 18:52:12 [INFO] 
[2/5] Initializing encoder...
2026-03-30 18:52:12 [INFO]   Encoder: DiehlCookEncoder(trained=False)
2026-03-30 18:52:12 [INFO] 
[3/5] Training encoder...
2026-03-31 02:31:02 [INFO] 
[4/5] Encoding test data...
2026-03-31 02:31:02 [INFO]   Running encoder...
2026-03-31 03:13:08 [INFO]   Codes saved to outputs/codes/diehl_cook/fashion_mnist
2026-03-31 03:13:08 [INFO]   Pre-code shape: (10000, 400)
2026-03-31 03:13:08 [INFO]   Code shape: (10000, 400)
2026-03-31 03:13:08 [INFO]   Code sparsity: 0.950
2026-03-31 03:13:08 [INFO] 
[5/5] Evaluating...
2026-03-31 03:13:08 [INFO] 
  Running clustering evaluation (ACC / NMI)...
2026-03-31 03:13:53 [INFO]     Clustering results:
2026-03-31 03:13:53 [INFO]       kmeans:
2026-03-31 03:13:53 [INFO]         NMI=0.3280, ARI=0.1686, ACC=0.3453
2026-03-31 03:13:53 [INFO]       spectral:
2026-03-31 03:13:53 [INFO]         NMI=0.1034, ARI=0.0130, ACC=0.1468
2026-03-31 03:13:53 [INFO] 
  Running retrieval evaluation (mAP / Recall@K)...
2026-03-31 03:13:53 [INFO]     Mode: label-based retrieval (database=train, queries=test)
2026-03-31 03:13:53 [INFO]     Encoding train_data as retrieval database...
2026-03-31 07:26:49 [INFO]     Retrieval results:
2026-03-31 07:26:49 [INFO]       map: 0.0246
2026-03-31 07:26:49 [INFO]       recall@1: 0.0001
2026-03-31 07:26:49 [INFO]       precision@1: 0.0077
2026-03-31 07:26:49 [INFO]       ndcg@1: 0.0077
2026-03-31 07:26:49 [INFO]       recall@10: 0.0007
2026-03-31 07:26:49 [INFO]       precision@10: 0.0065
2026-03-31 07:26:49 [INFO]       ndcg@10: 0.0066
2026-03-31 07:26:49 [INFO]       recall@50: 0.0033
2026-03-31 07:26:49 [INFO]       precision@50: 0.0066
2026-03-31 07:26:49 [INFO]       ndcg@50: 0.0066
2026-03-31 07:26:49 [INFO]       recall@100: 0.0063
2026-03-31 07:26:49 [INFO]       precision@100: 0.0063
2026-03-31 07:26:49 [INFO]       ndcg@100: 0.0064
2026-03-31 07:26:49 [INFO] 
Results saved to outputs/results/diehl_cook_fashion_mnist_seed0.json
2026-03-31 07:26:49 [INFO] Model saved to outputs/codes/diehl_cook/fashion_mnist/model_seed0.pkl
2026-03-31 07:26:49 [INFO] 
================================================================================
2026-03-31 07:26:49 [INFO] Experiment complete!
2026-03-31 07:26:49 [INFO] Full log saved to: outputs/logs/diehl_cook_mnist_seed0_20260330_185212.log
2026-03-31 07:26:49 [INFO] ================================================================================
