2026-03-30 16:17:52 [INFO] ================================================================================
2026-03-30 16:17:52 [INFO] Experiment: krotov_mnist
2026-03-30 16:17:52 [INFO] Encoder: krotov
2026-03-30 16:17:52 [INFO] Dataset: fashion_mnist
2026-03-30 16:17:52 [INFO] Seed: 0
2026-03-30 16:17:52 [INFO] ================================================================================
2026-03-30 16:17:52 [INFO] 
[1/5] Loading dataset...
2026-03-30 16:17:53 [INFO]   Train samples: 60000
2026-03-30 16:17:53 [INFO]   Test samples: 10000
2026-03-30 16:17:53 [INFO] 
  Eval modes: clustering=True, retrieval=True
2026-03-30 16:17:53 [INFO]   Has labels: True, Has query_data: False, Has groundtruth: False
2026-03-30 16:17:53 [INFO] 
[2/5] Initializing encoder...
2026-03-30 16:17:53 [INFO]   Encoder: KrotovEncoder(neurons=400, trained=False)
2026-03-30 16:17:53 [INFO] 
[3/5] Training encoder...
2026-03-30 18:33:32 [INFO] 
[4/5] Encoding test data...
2026-03-30 18:33:32 [INFO]   Running encoder...
2026-03-30 18:33:32 [INFO]   Codes saved to outputs/codes/krotov/fashion_mnist
2026-03-30 18:33:32 [INFO]   Pre-code shape: (10000, 400)
2026-03-30 18:33:32 [INFO]   Code shape: (10000, 400)
2026-03-30 18:33:32 [INFO]   Code sparsity: 0.950
2026-03-30 18:33:32 [INFO] 
[5/5] Evaluating...
2026-03-30 18:33:32 [INFO] 
  Running clustering evaluation (ACC / NMI)...
2026-03-30 18:33:34 [INFO]     Clustering results:
2026-03-30 18:33:34 [INFO]       kmeans:
2026-03-30 18:33:34 [INFO]         NMI=0.1031, ARI=0.0250, ACC=0.1911
2026-03-30 18:33:34 [INFO] 
  Running retrieval evaluation (mAP / Recall@K)...
2026-03-30 18:33:34 [INFO]     Mode: label-based retrieval (database=train, queries=test)
2026-03-30 18:33:34 [INFO]     Encoding train_data as retrieval database...
2026-03-30 18:37:06 [INFO]     Retrieval results:
2026-03-30 18:37:06 [INFO]       map: 0.0118
2026-03-30 18:37:06 [INFO]       recall@1: 0.0000
2026-03-30 18:37:06 [INFO]       precision@1: 0.0019
2026-03-30 18:37:06 [INFO]       ndcg@1: 0.0019
2026-03-30 18:37:06 [INFO]       recall@10: 0.0003
2026-03-30 18:37:06 [INFO]       precision@10: 0.0027
2026-03-30 18:37:06 [INFO]       ndcg@10: 0.0027
2026-03-30 18:37:06 [INFO]       recall@50: 0.0015
2026-03-30 18:37:06 [INFO]       precision@50: 0.0030
2026-03-30 18:37:06 [INFO]       ndcg@50: 0.0029
2026-03-30 18:37:06 [INFO]       recall@100: 0.0029
2026-03-30 18:37:06 [INFO]       precision@100: 0.0029
2026-03-30 18:37:06 [INFO]       ndcg@100: 0.0029
2026-03-30 18:37:06 [INFO] 
Results saved to outputs/results/krotov_fashion_mnist_seed0.json
2026-03-30 18:37:06 [INFO] Model saved to outputs/codes/krotov/fashion_mnist/model_seed0.pkl
2026-03-30 18:37:06 [INFO] 
================================================================================
2026-03-30 18:37:06 [INFO] Experiment complete!
2026-03-30 18:37:06 [INFO] Full log saved to: outputs/logs/krotov_mnist_seed0_20260330_161752.log
2026-03-30 18:37:06 [INFO] ================================================================================
