2026-03-22 21:15:31 [INFO] ================================================================================
2026-03-22 21:15:31 [INFO] Experiment: krotov_mnist
2026-03-22 21:15:31 [INFO] Encoder: krotov
2026-03-22 21:15:31 [INFO] Dataset: mnist
2026-03-22 21:15:31 [INFO] Seed: 0
2026-03-22 21:15:31 [INFO] ================================================================================
2026-03-22 21:15:31 [INFO] 
[1/5] Loading dataset...
2026-03-22 21:15:31 [INFO]   Train samples: 60000
2026-03-22 21:15:31 [INFO]   Test samples: 10000
2026-03-22 21:15:31 [INFO] 
  Eval modes: clustering=True, retrieval=True
2026-03-22 21:15:31 [INFO]   Has labels: True, Has query_data: False, Has groundtruth: False
2026-03-22 21:15:31 [INFO] 
[2/5] Initializing encoder...
2026-03-22 21:15:31 [INFO]   Encoder: KrotovEncoder(neurons=400, trained=False)
2026-03-22 21:15:31 [INFO] 
[3/5] Training encoder...
2026-03-22 23:50:31 [INFO] 
[4/5] Encoding test data...
2026-03-22 23:50:31 [INFO]   Running encoder...
2026-03-22 23:50:32 [INFO]   Codes saved to outputs/codes/krotov/mnist
2026-03-22 23:50:32 [INFO]   Pre-code shape: (10000, 400)
2026-03-22 23:50:32 [INFO]   Code shape: (10000, 400)
2026-03-22 23:50:32 [INFO]   Code sparsity: 0.950
2026-03-22 23:50:32 [INFO] 
[5/5] Evaluating...
2026-03-22 23:50:32 [INFO] 
  Running clustering evaluation (ACC / NMI)...
2026-03-22 23:50:34 [INFO]     Clustering results:
2026-03-22 23:50:34 [INFO]       kmeans:
2026-03-22 23:50:34 [INFO]         NMI=0.5941, ARI=0.4656, ACC=0.6294
2026-03-22 23:50:34 [INFO] 
  Running retrieval evaluation (mAP / Recall@K)...
2026-03-22 23:50:34 [INFO]     Mode: label-based retrieval (database=train, queries=test)
2026-03-22 23:50:34 [INFO]     Encoding train_data as retrieval database...
2026-03-22 23:53:52 [INFO]     Retrieval results:
2026-03-22 23:53:52 [INFO]       map: 0.0470
2026-03-22 23:53:52 [INFO]       recall@1: 0.0002
2026-03-22 23:53:52 [INFO]       precision@1: 0.0151
2026-03-22 23:53:52 [INFO]       ndcg@1: 0.0151
2026-03-22 23:53:52 [INFO]       recall@10: 0.0016
2026-03-22 23:53:52 [INFO]       precision@10: 0.0156
2026-03-22 23:53:52 [INFO]       ndcg@10: 0.0155
2026-03-22 23:53:52 [INFO]       recall@50: 0.0074
2026-03-22 23:53:52 [INFO]       precision@50: 0.0149
2026-03-22 23:53:52 [INFO]       ndcg@50: 0.0150
2026-03-22 23:53:52 [INFO]       recall@100: 0.0145
2026-03-22 23:53:52 [INFO]       precision@100: 0.0145
2026-03-22 23:53:52 [INFO]       ndcg@100: 0.0147
2026-03-22 23:53:52 [INFO] 
Results saved to outputs/results/krotov_mnist_seed0.json
2026-03-22 23:53:52 [INFO] Model saved to outputs/codes/krotov/mnist/model_seed0.pkl
2026-03-22 23:53:52 [INFO] 
================================================================================
2026-03-22 23:53:52 [INFO] Experiment complete!
2026-03-22 23:53:52 [INFO] Full log saved to: outputs/logs/krotov_mnist_seed0_20260322_211531.log
2026-03-22 23:53:52 [INFO] ================================================================================
