2026-03-31 20:42:52 [INFO] ================================================================================
2026-03-31 20:42:52 [INFO] Experiment: lc_snn_mnist
2026-03-31 20:42:52 [INFO] Encoder: lc_snn
2026-03-31 20:42:52 [INFO] Dataset: fashion_mnist
2026-03-31 20:42:52 [INFO] Seed: 0
2026-03-31 20:42:52 [INFO] ================================================================================
2026-03-31 20:42:52 [INFO] 
[1/5] Loading dataset...
2026-03-31 20:42:53 [INFO]   Train samples: 60000
2026-03-31 20:42:53 [INFO]   Test samples: 10000
2026-03-31 20:42:53 [INFO] 
  Eval modes: clustering=True, retrieval=True
2026-03-31 20:42:53 [INFO]   Has labels: True, Has query_data: False, Has groundtruth: False
2026-03-31 20:42:53 [INFO] 
[2/5] Initializing encoder...
2026-03-31 20:42:53 [INFO]   Encoder: LCSNNEncoder(trained=False)
2026-03-31 20:42:53 [INFO] 
[3/5] Training encoder...
2026-04-02 00:55:32 [INFO] 
[4/5] Encoding test data...
2026-04-02 00:55:32 [INFO]   Running encoder...
2026-04-02 03:40:50 [INFO]   Codes saved to outputs/codes/lc_snn/fashion_mnist
2026-04-02 03:40:50 [INFO]   Pre-code shape: (10000, 400)
2026-04-02 03:40:50 [INFO]   Code shape: (10000, 400)
2026-04-02 03:40:50 [INFO]   Code sparsity: 0.950
2026-04-02 03:40:50 [INFO] 
[5/5] Evaluating...
2026-04-02 03:40:50 [INFO] 
  Running clustering evaluation (ACC / NMI)...
2026-04-02 03:41:44 [INFO]     Clustering results:
2026-04-02 03:41:44 [INFO]       kmeans:
2026-04-02 03:41:44 [INFO]         NMI=0.2695, ARI=0.1211, ACC=0.3371
2026-04-02 03:41:44 [INFO]       spectral:
2026-04-02 03:41:44 [INFO]         NMI=0.0770, ARI=0.0038, ACC=0.1209
2026-04-02 03:41:44 [INFO] 
  Running retrieval evaluation (mAP / Recall@K)...
2026-04-02 03:41:44 [INFO]     Mode: label-based retrieval (database=train, queries=test)
2026-04-02 03:41:44 [INFO]     Encoding train_data as retrieval database...
2026-04-02 21:30:18 [INFO]     Retrieval results:
2026-04-02 21:30:18 [INFO]       map: 0.0258
2026-04-02 21:30:18 [INFO]       recall@1: 0.0001
2026-04-02 21:30:18 [INFO]       precision@1: 0.0068
2026-04-02 21:30:18 [INFO]       ndcg@1: 0.0068
2026-04-02 21:30:18 [INFO]       recall@10: 0.0007
2026-04-02 21:30:18 [INFO]       precision@10: 0.0074
2026-04-02 21:30:18 [INFO]       ndcg@10: 0.0073
2026-04-02 21:30:18 [INFO]       recall@50: 0.0035
2026-04-02 21:30:18 [INFO]       precision@50: 0.0069
2026-04-02 21:30:18 [INFO]       ndcg@50: 0.0070
2026-04-02 21:30:18 [INFO]       recall@100: 0.0069
2026-04-02 21:30:18 [INFO]       precision@100: 0.0069
2026-04-02 21:30:18 [INFO]       ndcg@100: 0.0069
2026-04-02 21:30:18 [INFO] 
Results saved to outputs/results/lc_snn_fashion_mnist_seed0.json
2026-04-02 21:30:18 [INFO] Model saved to outputs/codes/lc_snn/fashion_mnist/model_seed0.pkl
2026-04-02 21:30:18 [INFO] 
================================================================================
2026-04-02 21:30:18 [INFO] Experiment complete!
2026-04-02 21:30:18 [INFO] Full log saved to: outputs/logs/lc_snn_mnist_seed0_20260331_204252.log
2026-04-02 21:30:18 [INFO] ================================================================================
