2026-03-24 02:26:24 [INFO] ================================================================================
2026-03-24 02:26:24 [INFO] Experiment: lc_snn_mnist
2026-03-24 02:26:24 [INFO] Encoder: lc_snn
2026-03-24 02:26:24 [INFO] Dataset: mnist
2026-03-24 02:26:24 [INFO] Seed: 0
2026-03-24 02:26:24 [INFO] ================================================================================
2026-03-24 02:26:24 [INFO] 
[1/5] Loading dataset...
2026-03-24 02:26:24 [INFO]   Train samples: 60000
2026-03-24 02:26:24 [INFO]   Test samples: 10000
2026-03-24 02:26:24 [INFO] 
  Eval modes: clustering=True, retrieval=True
2026-03-24 02:26:24 [INFO]   Has labels: True, Has query_data: False, Has groundtruth: False
2026-03-24 02:26:24 [INFO] 
[2/5] Initializing encoder...
2026-03-24 02:26:24 [INFO]   Encoder: LCSNNEncoder(trained=False)
2026-03-24 02:26:24 [INFO] 
[3/5] Training encoder...
2026-03-25 07:31:41 [INFO] 
[4/5] Encoding test data...
2026-03-25 07:31:41 [INFO]   Running encoder...
2026-03-25 10:27:07 [INFO]   Codes saved to outputs/codes/lc_snn/mnist
2026-03-25 10:27:07 [INFO]   Pre-code shape: (10000, 400)
2026-03-25 10:27:07 [INFO]   Code shape: (10000, 400)
2026-03-25 10:27:07 [INFO]   Code sparsity: 0.950
2026-03-25 10:27:07 [INFO] 
[5/5] Evaluating...
2026-03-25 10:27:07 [INFO] 
  Running clustering evaluation (ACC / NMI)...
2026-03-25 10:29:08 [INFO]     Clustering results:
2026-03-25 10:29:08 [INFO]       kmeans:
2026-03-25 10:29:08 [INFO]         NMI=0.2709, ARI=0.1573, ACC=0.3815
2026-03-25 10:29:08 [INFO]       spectral:
2026-03-25 10:29:08 [INFO]         NMI=0.2012, ARI=0.0215, ACC=0.2001
2026-03-25 10:29:08 [INFO] 
  Running retrieval evaluation (mAP / Recall@K)...
2026-03-25 10:29:08 [INFO]     Mode: label-based retrieval (database=train, queries=test)
2026-03-25 10:29:08 [INFO]     Encoding train_data as retrieval database...
2026-03-26 03:43:15 [INFO]     Retrieval results:
2026-03-26 03:43:15 [INFO]       map: 0.0385
2026-03-26 03:43:15 [INFO]       recall@1: 0.0001
2026-03-26 03:43:15 [INFO]       precision@1: 0.0129
2026-03-26 03:43:15 [INFO]       ndcg@1: 0.0129
2026-03-26 03:43:15 [INFO]       recall@10: 0.0011
2026-03-26 03:43:15 [INFO]       precision@10: 0.0111
2026-03-26 03:43:15 [INFO]       ndcg@10: 0.0115
2026-03-26 03:43:15 [INFO]       recall@50: 0.0053
2026-03-26 03:43:15 [INFO]       precision@50: 0.0106
2026-03-26 03:43:15 [INFO]       ndcg@50: 0.0109
2026-03-26 03:43:15 [INFO]       recall@100: 0.0101
2026-03-26 03:43:15 [INFO]       precision@100: 0.0101
2026-03-26 03:43:15 [INFO]       ndcg@100: 0.0104
2026-03-26 03:43:15 [INFO] 
Results saved to outputs/results/lc_snn_mnist_seed0.json
2026-03-26 03:43:15 [INFO] Model saved to outputs/codes/lc_snn/mnist/model_seed0.pkl
2026-03-26 03:43:15 [INFO] 
================================================================================
2026-03-26 03:43:15 [INFO] Experiment complete!
2026-03-26 03:43:15 [INFO] Full log saved to: outputs/logs/lc_snn_mnist_seed0_20260324_022624.log
2026-03-26 03:43:15 [INFO] ================================================================================
