2026-03-31 07:26:54 [INFO] ================================================================================
2026-03-31 07:26:54 [INFO] Experiment: lm_snn_mnist
2026-03-31 07:26:54 [INFO] Encoder: lm_snn
2026-03-31 07:26:54 [INFO] Dataset: fashion_mnist
2026-03-31 07:26:54 [INFO] Seed: 0
2026-03-31 07:26:54 [INFO] ================================================================================
2026-03-31 07:26:54 [INFO] 
[1/5] Loading dataset...
2026-03-31 07:26:54 [INFO]   Train samples: 60000
2026-03-31 07:26:54 [INFO]   Test samples: 10000
2026-03-31 07:26:54 [INFO] 
  Eval modes: clustering=True, retrieval=True
2026-03-31 07:26:54 [INFO]   Has labels: True, Has query_data: False, Has groundtruth: False
2026-03-31 07:26:54 [INFO] 
[2/5] Initializing encoder...
2026-03-31 07:26:54 [INFO]   Encoder: LMSNNEncoder(trained=False)
2026-03-31 07:26:54 [INFO] 
[3/5] Training encoder...
2026-03-31 14:46:33 [INFO] 
[4/5] Encoding test data...
2026-03-31 14:46:33 [INFO]   Running encoder...
2026-03-31 15:33:40 [INFO]   Codes saved to outputs/codes/lm_snn/fashion_mnist
2026-03-31 15:33:40 [INFO]   Pre-code shape: (10000, 400)
2026-03-31 15:33:40 [INFO]   Code shape: (10000, 400)
2026-03-31 15:33:40 [INFO]   Code sparsity: 0.950
2026-03-31 15:33:40 [INFO] 
[5/5] Evaluating...
2026-03-31 15:33:40 [INFO] 
  Running clustering evaluation (ACC / NMI)...
2026-03-31 15:34:44 [INFO]     Clustering results:
2026-03-31 15:34:44 [INFO]       kmeans:
2026-03-31 15:34:44 [INFO]         NMI=0.2790, ARI=0.1291, ACC=0.3121
2026-03-31 15:34:44 [INFO]       spectral:
2026-03-31 15:34:44 [INFO]         NMI=0.0836, ARI=0.0147, ACC=0.1478
2026-03-31 15:34:44 [INFO] 
  Running retrieval evaluation (mAP / Recall@K)...
2026-03-31 15:34:44 [INFO]     Mode: label-based retrieval (database=train, queries=test)
2026-03-31 15:34:44 [INFO]     Encoding train_data as retrieval database...
2026-03-31 20:42:46 [INFO]     Retrieval results:
2026-03-31 20:42:46 [INFO]       map: 0.0212
2026-03-31 20:42:46 [INFO]       recall@1: 0.0001
2026-03-31 20:42:46 [INFO]       precision@1: 0.0057
2026-03-31 20:42:46 [INFO]       ndcg@1: 0.0057
2026-03-31 20:42:46 [INFO]       recall@10: 0.0006
2026-03-31 20:42:46 [INFO]       precision@10: 0.0056
2026-03-31 20:42:46 [INFO]       ndcg@10: 0.0056
2026-03-31 20:42:46 [INFO]       recall@50: 0.0027
2026-03-31 20:42:46 [INFO]       precision@50: 0.0054
2026-03-31 20:42:46 [INFO]       ndcg@50: 0.0055
2026-03-31 20:42:46 [INFO]       recall@100: 0.0053
2026-03-31 20:42:46 [INFO]       precision@100: 0.0053
2026-03-31 20:42:46 [INFO]       ndcg@100: 0.0053
2026-03-31 20:42:46 [INFO] 
Results saved to outputs/results/lm_snn_fashion_mnist_seed0.json
2026-03-31 20:42:46 [INFO] Model saved to outputs/codes/lm_snn/fashion_mnist/model_seed0.pkl
2026-03-31 20:42:46 [INFO] 
================================================================================
2026-03-31 20:42:46 [INFO] Experiment complete!
2026-03-31 20:42:46 [INFO] Full log saved to: outputs/logs/lm_snn_mnist_seed0_20260331_072654.log
2026-03-31 20:42:46 [INFO] ================================================================================
