2026-03-23 00:07:41 [INFO] ================================================================================
2026-03-23 00:07:41 [INFO] Experiment: lsh_mnist
2026-03-23 00:07:41 [INFO] Encoder: lsh
2026-03-23 00:07:41 [INFO] Dataset: mnist
2026-03-23 00:07:41 [INFO] Seed: 0
2026-03-23 00:07:41 [INFO] ================================================================================
2026-03-23 00:07:41 [INFO] 
[1/5] Loading dataset...
2026-03-23 00:07:41 [INFO]   Train samples: 60000
2026-03-23 00:07:41 [INFO]   Test samples: 10000
2026-03-23 00:07:41 [INFO] 
  Eval modes: clustering=True, retrieval=True
2026-03-23 00:07:41 [INFO]   Has labels: True, Has query_data: False, Has groundtruth: False
2026-03-23 00:07:41 [INFO] 
[2/5] Initializing encoder...
2026-03-23 00:07:41 [INFO]   Encoder: SimHashEncoder(trained=False)
2026-03-23 00:07:41 [INFO] 
[3/5] Training encoder...
2026-03-23 00:07:41 [INFO] 
[4/5] Encoding test data...
2026-03-23 00:07:41 [INFO]   Running encoder...
2026-03-23 00:07:41 [INFO]   Codes saved to outputs/codes/lsh/mnist
2026-03-23 00:07:41 [INFO]   Pre-code shape: (10000, 128)
2026-03-23 00:07:41 [INFO]   Code shape: (10000, 128)
2026-03-23 00:07:41 [INFO]   Code sparsity: 0.488
2026-03-23 00:07:41 [INFO] 
[5/5] Evaluating...
2026-03-23 00:07:41 [INFO] 
  Running clustering evaluation (ACC / NMI)...
2026-03-23 00:07:44 [INFO]     Clustering results:
2026-03-23 00:07:44 [INFO]       kmeans:
2026-03-23 00:07:44 [INFO]         NMI=0.4138, ARI=0.2850, ACC=0.4537
2026-03-23 00:07:44 [INFO] 
  Running retrieval evaluation (mAP / Recall@K)...
2026-03-23 00:07:44 [INFO]     Mode: label-based retrieval (database=train, queries=test)
2026-03-23 00:07:44 [INFO]     Encoding train_data as retrieval database...
2026-03-23 00:08:47 [INFO]     Retrieval results:
2026-03-23 00:08:47 [INFO]       map: 0.0448
2026-03-23 00:08:47 [INFO]       recall@1: 0.0002
2026-03-23 00:08:47 [INFO]       precision@1: 0.0151
2026-03-23 00:08:47 [INFO]       ndcg@1: 0.0151
2026-03-23 00:08:47 [INFO]       recall@10: 0.0014
2026-03-23 00:08:47 [INFO]       precision@10: 0.0140
2026-03-23 00:08:47 [INFO]       ndcg@10: 0.0141
2026-03-23 00:08:47 [INFO]       recall@50: 0.0066
2026-03-23 00:08:47 [INFO]       precision@50: 0.0132
2026-03-23 00:08:47 [INFO]       ndcg@50: 0.0134
2026-03-23 00:08:47 [INFO]       recall@100: 0.0127
2026-03-23 00:08:47 [INFO]       precision@100: 0.0127
2026-03-23 00:08:47 [INFO]       ndcg@100: 0.0129
2026-03-23 00:08:47 [INFO] 
Results saved to outputs/results/lsh_mnist_seed0.json
2026-03-23 00:08:47 [INFO] Model saved to outputs/codes/lsh/mnist/model_seed0.pkl
2026-03-23 00:08:47 [INFO] 
================================================================================
2026-03-23 00:08:47 [INFO] Experiment complete!
2026-03-23 00:08:47 [INFO] Full log saved to: outputs/logs/lsh_mnist_seed0_20260323_000741.log
2026-03-23 00:08:47 [INFO] ================================================================================
