2026-03-22 21:12:26 [INFO] ================================================================================
2026-03-22 21:12:26 [INFO] Experiment: softhebb_mnist
2026-03-22 21:12:26 [INFO] Encoder: softhebb
2026-03-22 21:12:26 [INFO] Dataset: mnist
2026-03-22 21:12:26 [INFO] Seed: 0
2026-03-22 21:12:26 [INFO] ================================================================================
2026-03-22 21:12:26 [INFO] 
[1/5] Loading dataset...
2026-03-22 21:12:26 [INFO]   Train samples: 60000
2026-03-22 21:12:26 [INFO]   Test samples: 10000
2026-03-22 21:12:26 [INFO] 
  Eval modes: clustering=True, retrieval=True
2026-03-22 21:12:26 [INFO]   Has labels: True, Has query_data: False, Has groundtruth: False
2026-03-22 21:12:26 [INFO] 
[2/5] Initializing encoder...
2026-03-22 21:12:27 [INFO]   Encoder: SoftHebbEncoder(trained=False)
2026-03-22 21:12:27 [INFO] 
[3/5] Training encoder...
2026-03-22 21:12:33 [INFO] 
[4/5] Encoding test data...
2026-03-22 21:12:33 [INFO]   Running encoder...
2026-03-22 21:12:33 [INFO]   Codes saved to outputs/codes/softhebb/mnist
2026-03-22 21:12:33 [INFO]   Pre-code shape: (10000, 400)
2026-03-22 21:12:33 [INFO]   Code shape: (10000, 400)
2026-03-22 21:12:33 [INFO]   Code sparsity: 0.950
2026-03-22 21:12:33 [INFO] 
[5/5] Evaluating...
2026-03-22 21:12:33 [INFO] 
  Running clustering evaluation (ACC / NMI)...
2026-03-22 21:12:36 [INFO]     Clustering results:
2026-03-22 21:12:36 [INFO]       kmeans:
2026-03-22 21:12:36 [INFO]         NMI=0.0016, ARI=-0.0000, ACC=0.1130
2026-03-22 21:12:36 [INFO] 
  Running retrieval evaluation (mAP / Recall@K)...
2026-03-22 21:12:36 [INFO]     Mode: label-based retrieval (database=train, queries=test)
2026-03-22 21:12:36 [INFO]     Encoding train_data as retrieval database...
2026-03-22 21:15:26 [INFO]     Retrieval results:
2026-03-22 21:15:26 [INFO]       map: 0.0073
2026-03-22 21:15:26 [INFO]       recall@1: 0.0000
2026-03-22 21:15:26 [INFO]       precision@1: 0.0012
2026-03-22 21:15:26 [INFO]       ndcg@1: 0.0012
2026-03-22 21:15:26 [INFO]       recall@10: 0.0001
2026-03-22 21:15:26 [INFO]       precision@10: 0.0014
2026-03-22 21:15:26 [INFO]       ndcg@10: 0.0014
2026-03-22 21:15:26 [INFO]       recall@50: 0.0008
2026-03-22 21:15:26 [INFO]       precision@50: 0.0016
2026-03-22 21:15:26 [INFO]       ndcg@50: 0.0016
2026-03-22 21:15:26 [INFO]       recall@100: 0.0017
2026-03-22 21:15:26 [INFO]       precision@100: 0.0017
2026-03-22 21:15:26 [INFO]       ndcg@100: 0.0016
2026-03-22 21:15:26 [INFO] 
Results saved to outputs/results/softhebb_mnist_seed0.json
2026-03-22 21:15:26 [INFO] Model saved to outputs/codes/softhebb/mnist/model_seed0.pkl
2026-03-22 21:15:26 [INFO] 
================================================================================
2026-03-22 21:15:26 [INFO] Experiment complete!
2026-03-22 21:15:26 [INFO] Full log saved to: outputs/logs/softhebb_mnist_seed0_20260322_211226.log
2026-03-22 21:15:26 [INFO] ================================================================================
